Traceback (most recent call last):
  File "/usr/local/python/3.12.1/lib/python3.12/site-packages/jupyter_cache/executors/utils.py", line 58, in single_nb_execution
    executenb(
  File "/home/codespace/.local/lib/python3.12/site-packages/nbclient/client.py", line 1314, in execute
    return NotebookClient(nb=nb, resources=resources, km=km, **kwargs).execute()
           ^^^^^^^^^^^^^^^^^^^^^^^^^^^^^^^^^^^^^^^^^^^^^^^^^^^^^^^^^^^^^^^^^^^^^
  File "/home/codespace/.local/lib/python3.12/site-packages/jupyter_core/utils/__init__.py", line 165, in wrapped
    return loop.run_until_complete(inner)
           ^^^^^^^^^^^^^^^^^^^^^^^^^^^^^^
  File "/usr/local/python/3.12.1/lib/python3.12/asyncio/base_events.py", line 684, in run_until_complete
    return future.result()
           ^^^^^^^^^^^^^^^
  File "/home/codespace/.local/lib/python3.12/site-packages/nbclient/client.py", line 709, in async_execute
    await self.async_execute_cell(
  File "/home/codespace/.local/lib/python3.12/site-packages/nbclient/client.py", line 1062, in async_execute_cell
    await self._check_raise_for_error(cell, cell_index, exec_reply)
  File "/home/codespace/.local/lib/python3.12/site-packages/nbclient/client.py", line 918, in _check_raise_for_error
    raise CellExecutionError.from_cell_and_msg(cell, exec_reply_content)
nbclient.exceptions.CellExecutionError: An error occurred while executing the following cell:
------------------
import numpy as np
import matplotlib.pyplot as plt
from mpl_toolkits.mplot3d import Axes3D

# Titik-titik objek asli (misalnya, segitiga 3D)
points = np.array([
    [1, 2],
    [2, 1],
    [1.5, 2]
]).T  # bentuknya 3xN

# Matriks refleksi terhadap bidang x = 0
reflection_matrix = np.array([
    [-1, 0, 0],
    [ 0, 1, 0],
    [ 0, 0, 1]
])

# Lakukan refleksi
reflected_points = reflection_matrix @ points

# Buat plot
fig = plt.figure()
ax = fig.add_subplot(111, projection='3d')

# Gambar objek asli (biru)
ax.plot(points[0], points[1], points[2], 'bo-', label='Asli')

# Gambar objek setelah refleksi (merah)
ax.plot(reflected_points[0], reflected_points[1], reflected_points[2], 'ro-', label='Refleksi')

# Tambahkan garis bantu bidang x = 0
x_plane = np.zeros((2, 2))
y_plane, z_plane = np.meshgrid(np.linspace(0, 3, 2), np.linspace(0, 3, 2))
ax.plot_surface(x_plane, y_plane, z_plane, alpha=0.2, color='gray')

# Set aspek dan label
ax.set_xlabel('X')
ax.set_ylabel('Y')
ax.set_zlabel('Z')
ax.set_title('Refleksi terhadap bidang x = 0')
ax.legend()
ax.set_box_aspect([1,1,1])  # aspek rasio 1:1:1

plt.show()

------------------


[0;31m---------------------------------------------------------------------------[0m
[0;31mValueError[0m                                Traceback (most recent call last)
Cell [0;32mIn[3], line 20[0m
[1;32m     13[0m reflection_matrix [38;5;241m=[39m np[38;5;241m.[39marray([
[1;32m     14[0m     [[38;5;241m-[39m[38;5;241m1[39m, [38;5;241m0[39m, [38;5;241m0[39m],
[1;32m     15[0m     [ [38;5;241m0[39m, [38;5;241m1[39m, [38;5;241m0[39m],
[1;32m     16[0m     [ [38;5;241m0[39m, [38;5;241m0[39m, [38;5;241m1[39m]
[1;32m     17[0m ])
[1;32m     19[0m [38;5;66;03m# Lakukan refleksi[39;00m
[0;32m---> 20[0m reflected_points [38;5;241m=[39m [43mreflection_matrix[49m[43m [49m[38;5;241;43m@[39;49m[43m [49m[43mpoints[49m
[1;32m     22[0m [38;5;66;03m# Buat plot[39;00m
[1;32m     23[0m fig [38;5;241m=[39m plt[38;5;241m.[39mfigure()

[0;31mValueError[0m: matmul: Input operand 1 has a mismatch in its core dimension 0, with gufunc signature (n?,k),(k,m?)->(n?,m?) (size 2 is different from 3)

